[plot_fig3_convergence.py] instance large_200c_12v_seed1 not found for Large, auto-correct to large_200c_13v_seed1
[plot_fig3_convergence.py] instance large_200c_12v_seed2 not found for Large, auto-correct to large_200c_13v_seed2
[plot_fig3_convergence.py] instance large_200c_12v_seed3 not found for Large, auto-correct to large_200c_13v_seed3
[plot_fig3_convergence.py] instance large_200c_12v_seed1 not found for Large, auto-correct to large_200c_13v_seed1
[plot_fig3_convergence.py] instance large_200c_12v_seed2 not found for Large, auto-correct to large_200c_13v_seed2
[plot_fig3_convergence.py] instance large_200c_12v_seed3 not found for Large, auto-correct to large_200c_13v_seed3
[plot_fig2_delta_boxplot.py] start rerun 2026-05-08 22:16:30
[plot_fig2_delta_boxplot.py] end rerun 2026-05-08 22:16:33
[plot_fig2_delta_boxplot.py] start rerun 2026-05-08 22:21:36
[plot_fig2_delta_boxplot.py] end rerun 2026-05-08 22:21:38
[plot_fig3_convergence.py] instance small_15c_1v_c not found for Small, auto-correct to small_8c_1v_seed1
[plot_fig3_convergence.py] instance small_15c_1v_r not found for Small, auto-correct to small_8c_1v_seed2
[plot_fig3_convergence.py] instance small_15c_1v_m not found for Small, auto-correct to small_8c_1v_seed3
[plot_fig3_convergence.py] instance medium_50c_3v_c not found for Medium, auto-correct to medium_30c_2v_seed1
[plot_fig3_convergence.py] instance medium_50c_3v_r not found for Medium, auto-correct to medium_30c_2v_seed2
[plot_fig3_convergence.py] instance medium_50c_3v_m not found for Medium, auto-correct to medium_30c_2v_seed3
[plot_fig3_convergence.py] instance large_200c_12v_c not found for Large, auto-correct to large_150c_9v_seed1
[plot_fig3_convergence.py] instance large_200c_12v_r not found for Large, auto-correct to large_150c_9v_seed2
[plot_fig3_convergence.py] instance large_200c_12v_m not found for Large, auto-correct to large_150c_9v_seed3
[plot_fig3_convergence.py] instance small_15c_1v_c not found for Small, auto-correct to small_8c_1v_seed1
[plot_fig3_convergence.py] instance small_15c_1v_r not found for Small, auto-correct to small_8c_1v_seed2
[plot_fig3_convergence.py] instance small_15c_1v_m not found for Small, auto-correct to small_8c_1v_seed3
[plot_fig3_convergence.py] instance medium_50c_3v_c not found for Medium, auto-correct to medium_30c_2v_seed1
[plot_fig3_convergence.py] instance medium_50c_3v_r not found for Medium, auto-correct to medium_30c_2v_seed2
[plot_fig3_convergence.py] instance medium_50c_3v_m not found for Medium, auto-correct to medium_30c_2v_seed3
[plot_fig3_convergence.py] instance large_200c_12v_c not found for Large, auto-correct to large_150c_9v_seed1
[plot_fig3_convergence.py] instance large_200c_12v_r not found for Large, auto-correct to large_150c_9v_seed2
[plot_fig3_convergence.py] instance large_200c_12v_m not found for Large, auto-correct to large_150c_9v_seed3
[plot_fig3_convergence.py] instance small_15c_1v_c not found for Small, auto-correct to small_15c_1v_seed1
[plot_fig3_convergence.py] instance small_15c_1v_r not found for Small, auto-correct to small_15c_1v_seed2
[plot_fig3_convergence.py] instance small_15c_1v_m not found for Small, auto-correct to small_15c_1v_seed3
[plot_fig3_convergence.py] instance medium_50c_3v_c not found for Medium, auto-correct to medium_50c_3v_seed1
[plot_fig3_convergence.py] instance medium_50c_3v_r not found for Medium, auto-correct to medium_50c_3v_seed2
[plot_fig3_convergence.py] instance medium_50c_3v_m not found for Medium, auto-correct to medium_50c_3v_seed3
[plot_fig3_convergence.py] instance large_200c_12v_c not found for Large, auto-correct to large_200c_13v_seed1
[plot_fig3_convergence.py] instance large_200c_12v_r not found for Large, auto-correct to large_200c_13v_seed2
[plot_fig3_convergence.py] instance large_200c_12v_m not found for Large, auto-correct to large_200c_13v_seed3
[plot_fig3_convergence.py] instance large_200c_12v_seed1 not found for Large, auto-correct to large_200c_13v_seed1
[plot_fig3_convergence.py] instance large_200c_12v_seed2 not found for Large, auto-correct to large_200c_13v_seed2
[plot_fig3_convergence.py] instance large_200c_12v_seed3 not found for Large, auto-correct to large_200c_13v_seed3
[plot_fig3_convergence.py] instance large_200c_12v_seed1 not found for Large, auto-correct to large_200c_13v_seed1
[plot_fig3_convergence.py] instance large_200c_12v_seed2 not found for Large, auto-correct to large_200c_13v_seed2
[plot_fig3_convergence.py] instance large_200c_12v_seed3 not found for Large, auto-correct to large_200c_13v_seed3
[plot_fig3_convergence.py] instance large_200c_12v_seed1 not found for Large, auto-correct to large_200c_13v_seed1
[plot_fig3_convergence.py] instance large_200c_12v_seed2 not found for Large, auto-correct to large_200c_13v_seed2
[plot_fig3_convergence.py] instance large_200c_12v_seed3 not found for Large, auto-correct to large_200c_13v_seed3
[plot_fig3_convergence.py] instance large_200c_12v_seed1 not found for Large, auto-correct to large_200c_13v_seed1
[plot_fig3_convergence.py] instance large_200c_12v_seed2 not found for Large, auto-correct to large_200c_13v_seed2
[plot_fig3_convergence.py] instance large_200c_12v_seed3 not found for Large, auto-correct to large_200c_13v_seed3
[plot_fig3_convergence.py] instance large_200c_12v_seed1 not found for Large, auto-correct to large_200c_13v_seed1
[plot_fig3_convergence.py] instance large_200c_12v_seed2 not found for Large, auto-correct to large_200c_13v_seed2
[plot_fig3_convergence.py] instance large_200c_12v_seed3 not found for Large, auto-correct to large_200c_13v_seed3
[plot_fig3_convergence.py] instance large_200c_12v_seed1 not found for Large, auto-correct to large_200c_13v_seed1
[plot_fig3_convergence.py] instance large_200c_12v_seed2 not found for Large, auto-correct to large_200c_13v_seed2
[plot_fig3_convergence.py] instance large_200c_12v_seed3 not found for Large, auto-correct to large_200c_13v_seed3
[plot_fig3_convergence.py] instance large_200c_12v_seed1 not found for Large, auto-correct to large_200c_13v_seed1
[plot_fig3_convergence.py] instance large_200c_12v_seed2 not found for Large, auto-correct to large_200c_13v_seed2
[plot_fig3_convergence.py] instance large_200c_12v_seed3 not found for Large, auto-correct to large_200c_13v_seed3
[plot_fig3_convergence.py] instance large_200c_12v_seed1 not found for Large, auto-correct to large_200c_13v_seed1
[plot_fig3_convergence.py] instance large_200c_12v_seed2 not found for Large, auto-correct to large_200c_13v_seed2
[plot_fig3_convergence.py] instance large_200c_12v_seed3 not found for Large, auto-correct to large_200c_13v_seed3
[plot_fig3_convergence.py] instance large_200c_12v_seed1 not found for Large, auto-correct to large_200c_13v_seed1
[plot_fig3_convergence.py] instance large_200c_12v_seed2 not found for Large, auto-correct to large_200c_13v_seed2
[plot_fig3_convergence.py] instance large_200c_12v_seed3 not found for Large, auto-correct to large_200c_13v_seed3
